Archive member included because of file (symbol)

c:/program files/atmel/atmel toolchain/avr8 gcc/native/3.4.1061/avr8-gnu-toolchain/bin/../lib/gcc/avr/4.8.1/../../../../avr/lib/avrxmega7\libm.a(cmpsf2.o)
                              ST7735xmDriver.o (__ltsf2)
c:/program files/atmel/atmel toolchain/avr8 gcc/native/3.4.1061/avr8-gnu-toolchain/bin/../lib/gcc/avr/4.8.1/../../../../avr/lib/avrxmega7\libm.a(fixunssfsi.o)
                              ST7735xmDriver.o (__fixunssfsi)
c:/program files/atmel/atmel toolchain/avr8 gcc/native/3.4.1061/avr8-gnu-toolchain/bin/../lib/gcc/avr/4.8.1/../../../../avr/lib/avrxmega7\libm.a(floatsisf.o)
                              ST7735xmDriver.o (__floatunsisf)
c:/program files/atmel/atmel toolchain/avr8 gcc/native/3.4.1061/avr8-gnu-toolchain/bin/../lib/gcc/avr/4.8.1/../../../../avr/lib/avrxmega7\libm.a(fp_cmp.o)
                              c:/program files/atmel/atmel toolchain/avr8 gcc/native/3.4.1061/avr8-gnu-toolchain/bin/../lib/gcc/avr/4.8.1/../../../../avr/lib/avrxmega7\libm.a(cmpsf2.o) (__fp_cmp)
c:/program files/atmel/atmel toolchain/avr8 gcc/native/3.4.1061/avr8-gnu-toolchain/bin/../lib/gcc/avr/4.8.1/../../../../avr/lib/avrxmega7\libm.a(fp_split3.o)
                              c:/program files/atmel/atmel toolchain/avr8 gcc/native/3.4.1061/avr8-gnu-toolchain/bin/../lib/gcc/avr/4.8.1/../../../../avr/lib/avrxmega7\libm.a(fixunssfsi.o) (__fp_splitA)
c:/program files/atmel/atmel toolchain/avr8 gcc/native/3.4.1061/avr8-gnu-toolchain/bin/../lib/gcc/avr/4.8.1/../../../../avr/lib/avrxmega7\libm.a(fp_zero.o)
                              c:/program files/atmel/atmel toolchain/avr8 gcc/native/3.4.1061/avr8-gnu-toolchain/bin/../lib/gcc/avr/4.8.1/../../../../avr/lib/avrxmega7\libm.a(fixunssfsi.o) (__fp_zero)
c:/program files/atmel/atmel toolchain/avr8 gcc/native/3.4.1061/avr8-gnu-toolchain/bin/../lib/gcc/avr/4.8.1/../../../../avr/lib/avrxmega7\libm.a(gesf2.o)
                              ST7735xmDriver.o (__gtsf2)
c:/program files/atmel/atmel toolchain/avr8 gcc/native/3.4.1061/avr8-gnu-toolchain/bin/../lib/gcc/avr/4.8.1/../../../../avr/lib/avrxmega7\libm.a(mulsf3.o)
                              ST7735xmDriver.o (__mulsf3)
c:/program files/atmel/atmel toolchain/avr8 gcc/native/3.4.1061/avr8-gnu-toolchain/bin/../lib/gcc/avr/4.8.1/../../../../avr/lib/avrxmega7\libm.a(mulsf3x.o)
                              c:/program files/atmel/atmel toolchain/avr8 gcc/native/3.4.1061/avr8-gnu-toolchain/bin/../lib/gcc/avr/4.8.1/../../../../avr/lib/avrxmega7\libm.a(mulsf3.o) (__mulsf3x)
c:/program files/atmel/atmel toolchain/avr8 gcc/native/3.4.1061/avr8-gnu-toolchain/bin/../lib/gcc/avr/4.8.1/../../../../avr/lib/avrxmega7\libm.a(fp_inf.o)
                              c:/program files/atmel/atmel toolchain/avr8 gcc/native/3.4.1061/avr8-gnu-toolchain/bin/../lib/gcc/avr/4.8.1/../../../../avr/lib/avrxmega7\libm.a(mulsf3x.o) (__fp_inf)
c:/program files/atmel/atmel toolchain/avr8 gcc/native/3.4.1061/avr8-gnu-toolchain/bin/../lib/gcc/avr/4.8.1/../../../../avr/lib/avrxmega7\libm.a(fp_nan.o)
                              c:/program files/atmel/atmel toolchain/avr8 gcc/native/3.4.1061/avr8-gnu-toolchain/bin/../lib/gcc/avr/4.8.1/../../../../avr/lib/avrxmega7\libm.a(mulsf3x.o) (__fp_nan)
c:/program files/atmel/atmel toolchain/avr8 gcc/native/3.4.1061/avr8-gnu-toolchain/bin/../lib/gcc/avr/4.8.1/../../../../avr/lib/avrxmega7\libm.a(fp_pscA.o)
                              c:/program files/atmel/atmel toolchain/avr8 gcc/native/3.4.1061/avr8-gnu-toolchain/bin/../lib/gcc/avr/4.8.1/../../../../avr/lib/avrxmega7\libm.a(mulsf3x.o) (__fp_pscA)
c:/program files/atmel/atmel toolchain/avr8 gcc/native/3.4.1061/avr8-gnu-toolchain/bin/../lib/gcc/avr/4.8.1/../../../../avr/lib/avrxmega7\libm.a(fp_pscB.o)
                              c:/program files/atmel/atmel toolchain/avr8 gcc/native/3.4.1061/avr8-gnu-toolchain/bin/../lib/gcc/avr/4.8.1/../../../../avr/lib/avrxmega7\libm.a(mulsf3x.o) (__fp_pscB)
c:/program files/atmel/atmel toolchain/avr8 gcc/native/3.4.1061/avr8-gnu-toolchain/bin/../lib/gcc/avr/4.8.1/../../../../avr/lib/avrxmega7\libm.a(fp_round.o)
                              c:/program files/atmel/atmel toolchain/avr8 gcc/native/3.4.1061/avr8-gnu-toolchain/bin/../lib/gcc/avr/4.8.1/../../../../avr/lib/avrxmega7\libm.a(mulsf3.o) (__fp_round)
c:/program files/atmel/atmel toolchain/avr8 gcc/native/3.4.1061/avr8-gnu-toolchain/bin/../lib/gcc/avr/4.8.1/avrxmega7\libgcc.a(_exit.o)
                              c:/program files/atmel/atmel toolchain/avr8 gcc/native/3.4.1061/avr8-gnu-toolchain/bin/../lib/gcc/avr/4.8.1/../../../../avr/lib/avrxmega7/crtx128a1u.o (exit)
c:/program files/atmel/atmel toolchain/avr8 gcc/native/3.4.1061/avr8-gnu-toolchain/bin/../lib/gcc/avr/4.8.1/avrxmega7\libgcc.a(_clear_bss.o)
                              DisplayTest.o (__do_clear_bss)
c:/program files/atmel/atmel toolchain/avr8 gcc/native/3.4.1061/avr8-gnu-toolchain/bin/../lib/gcc/avr/4.8.1/avrxmega7\libgcc.a(_ctors.o)
                              DisplayTest.o (__do_global_ctors)
c:/program files/atmel/atmel toolchain/avr8 gcc/native/3.4.1061/avr8-gnu-toolchain/bin/../lib/gcc/avr/4.8.1/avrxmega7\libgcc.a(_tablejump_elpm.o)
                              c:/program files/atmel/atmel toolchain/avr8 gcc/native/3.4.1061/avr8-gnu-toolchain/bin/../lib/gcc/avr/4.8.1/avrxmega7\libgcc.a(_ctors.o) (__tablejump_elpm__)

Discarded input sections

 .data          0x00000000        0x0 c:/program files/atmel/atmel toolchain/avr8 gcc/native/3.4.1061/avr8-gnu-toolchain/bin/../lib/gcc/avr/4.8.1/../../../../avr/lib/avrxmega7/crtx128a1u.o
 .bss           0x00000000        0x0 c:/program files/atmel/atmel toolchain/avr8 gcc/native/3.4.1061/avr8-gnu-toolchain/bin/../lib/gcc/avr/4.8.1/../../../../avr/lib/avrxmega7/crtx128a1u.o
 .text          0x00000000        0x0 DisplayTest.o
 .data          0x00000000        0x0 DisplayTest.o
 .bss           0x00000000        0x0 DisplayTest.o
 .text          0x00000000        0x0 ST7735xmDriver.o
 .data          0x00000000        0x0 ST7735xmDriver.o
 .bss           0x00000000        0x0 ST7735xmDriver.o
 .text._ZN14ST7735xmDriver5initBEv
                0x00000000        0xa ST7735xmDriver.o
 .text._ZN14ST7735xmDriver9drawPixelEjjj
                0x00000000       0x6e ST7735xmDriver.o
 .text._ZN14ST7735xmDriver13drawFastVLineEjjjj
                0x00000000       0xb8 ST7735xmDriver.o
 .text._ZN14ST7735xmDriver13drawFastHLineEjjjj
                0x00000000       0xba ST7735xmDriver.o
 .text._ZN14ST7735xmDriver8fillRectEjjjjj
                0x00000000       0xdc ST7735xmDriver.o
 .text._ZN14ST7735xmDriver10fillScreenEj
                0x00000000       0x2a ST7735xmDriver.o
 .text._ZN14ST7735xmDriver8Color565Ehhh
                0x00000000       0x2a ST7735xmDriver.o
 .text._ZN14ST7735xmDriver11setRotationEh
                0x00000000      0x116 ST7735xmDriver.o
 .progmem.data._ZL4Bcmd
                0x00000000       0x67 ST7735xmDriver.o
 .text          0x00000000        0x0 c:/program files/atmel/atmel toolchain/avr8 gcc/native/3.4.1061/avr8-gnu-toolchain/bin/../lib/gcc/avr/4.8.1/../../../../avr/lib/avrxmega7\libm.a(cmpsf2.o)
 .data          0x00000000        0x0 c:/program files/atmel/atmel toolchain/avr8 gcc/native/3.4.1061/avr8-gnu-toolchain/bin/../lib/gcc/avr/4.8.1/../../../../avr/lib/avrxmega7\libm.a(cmpsf2.o)
 .bss           0x00000000        0x0 c:/program files/atmel/atmel toolchain/avr8 gcc/native/3.4.1061/avr8-gnu-toolchain/bin/../lib/gcc/avr/4.8.1/../../../../avr/lib/avrxmega7\libm.a(cmpsf2.o)
 .text          0x00000000        0x0 c:/program files/atmel/atmel toolchain/avr8 gcc/native/3.4.1061/avr8-gnu-toolchain/bin/../lib/gcc/avr/4.8.1/../../../../avr/lib/avrxmega7\libm.a(fixunssfsi.o)
 .data          0x00000000        0x0 c:/program files/atmel/atmel toolchain/avr8 gcc/native/3.4.1061/avr8-gnu-toolchain/bin/../lib/gcc/avr/4.8.1/../../../../avr/lib/avrxmega7\libm.a(fixunssfsi.o)
 .bss           0x00000000        0x0 c:/program files/atmel/atmel toolchain/avr8 gcc/native/3.4.1061/avr8-gnu-toolchain/bin/../lib/gcc/avr/4.8.1/../../../../avr/lib/avrxmega7\libm.a(fixunssfsi.o)
 .text          0x00000000        0x0 c:/program files/atmel/atmel toolchain/avr8 gcc/native/3.4.1061/avr8-gnu-toolchain/bin/../lib/gcc/avr/4.8.1/../../../../avr/lib/avrxmega7\libm.a(floatsisf.o)
 .data          0x00000000        0x0 c:/program files/atmel/atmel toolchain/avr8 gcc/native/3.4.1061/avr8-gnu-toolchain/bin/../lib/gcc/avr/4.8.1/../../../../avr/lib/avrxmega7\libm.a(floatsisf.o)
 .bss           0x00000000        0x0 c:/program files/atmel/atmel toolchain/avr8 gcc/native/3.4.1061/avr8-gnu-toolchain/bin/../lib/gcc/avr/4.8.1/../../../../avr/lib/avrxmega7\libm.a(floatsisf.o)
 .text          0x00000000        0x0 c:/program files/atmel/atmel toolchain/avr8 gcc/native/3.4.1061/avr8-gnu-toolchain/bin/../lib/gcc/avr/4.8.1/../../../../avr/lib/avrxmega7\libm.a(fp_cmp.o)
 .data          0x00000000        0x0 c:/program files/atmel/atmel toolchain/avr8 gcc/native/3.4.1061/avr8-gnu-toolchain/bin/../lib/gcc/avr/4.8.1/../../../../avr/lib/avrxmega7\libm.a(fp_cmp.o)
 .bss           0x00000000        0x0 c:/program files/atmel/atmel toolchain/avr8 gcc/native/3.4.1061/avr8-gnu-toolchain/bin/../lib/gcc/avr/4.8.1/../../../../avr/lib/avrxmega7\libm.a(fp_cmp.o)
 .text          0x00000000        0x0 c:/program files/atmel/atmel toolchain/avr8 gcc/native/3.4.1061/avr8-gnu-toolchain/bin/../lib/gcc/avr/4.8.1/../../../../avr/lib/avrxmega7\libm.a(fp_split3.o)
 .data          0x00000000        0x0 c:/program files/atmel/atmel toolchain/avr8 gcc/native/3.4.1061/avr8-gnu-toolchain/bin/../lib/gcc/avr/4.8.1/../../../../avr/lib/avrxmega7\libm.a(fp_split3.o)
 .bss           0x00000000        0x0 c:/program files/atmel/atmel toolchain/avr8 gcc/native/3.4.1061/avr8-gnu-toolchain/bin/../lib/gcc/avr/4.8.1/../../../../avr/lib/avrxmega7\libm.a(fp_split3.o)
 .text          0x00000000        0x0 c:/program files/atmel/atmel toolchain/avr8 gcc/native/3.4.1061/avr8-gnu-toolchain/bin/../lib/gcc/avr/4.8.1/../../../../avr/lib/avrxmega7\libm.a(fp_zero.o)
 .data          0x00000000        0x0 c:/program files/atmel/atmel toolchain/avr8 gcc/native/3.4.1061/avr8-gnu-toolchain/bin/../lib/gcc/avr/4.8.1/../../../../avr/lib/avrxmega7\libm.a(fp_zero.o)
 .bss           0x00000000        0x0 c:/program files/atmel/atmel toolchain/avr8 gcc/native/3.4.1061/avr8-gnu-toolchain/bin/../lib/gcc/avr/4.8.1/../../../../avr/lib/avrxmega7\libm.a(fp_zero.o)
 .text          0x00000000        0x0 c:/program files/atmel/atmel toolchain/avr8 gcc/native/3.4.1061/avr8-gnu-toolchain/bin/../lib/gcc/avr/4.8.1/../../../../avr/lib/avrxmega7\libm.a(gesf2.o)
 .data          0x00000000        0x0 c:/program files/atmel/atmel toolchain/avr8 gcc/native/3.4.1061/avr8-gnu-toolchain/bin/../lib/gcc/avr/4.8.1/../../../../avr/lib/avrxmega7\libm.a(gesf2.o)
 .bss           0x00000000        0x0 c:/program files/atmel/atmel toolchain/avr8 gcc/native/3.4.1061/avr8-gnu-toolchain/bin/../lib/gcc/avr/4.8.1/../../../../avr/lib/avrxmega7\libm.a(gesf2.o)
 .text          0x00000000        0x0 c:/program files/atmel/atmel toolchain/avr8 gcc/native/3.4.1061/avr8-gnu-toolchain/bin/../lib/gcc/avr/4.8.1/../../../../avr/lib/avrxmega7\libm.a(mulsf3.o)
 .data          0x00000000        0x0 c:/program files/atmel/atmel toolchain/avr8 gcc/native/3.4.1061/avr8-gnu-toolchain/bin/../lib/gcc/avr/4.8.1/../../../../avr/lib/avrxmega7\libm.a(mulsf3.o)
 .bss           0x00000000        0x0 c:/program files/atmel/atmel toolchain/avr8 gcc/native/3.4.1061/avr8-gnu-toolchain/bin/../lib/gcc/avr/4.8.1/../../../../avr/lib/avrxmega7\libm.a(mulsf3.o)
 .text          0x00000000        0x0 c:/program files/atmel/atmel toolchain/avr8 gcc/native/3.4.1061/avr8-gnu-toolchain/bin/../lib/gcc/avr/4.8.1/../../../../avr/lib/avrxmega7\libm.a(mulsf3x.o)
 .data          0x00000000        0x0 c:/program files/atmel/atmel toolchain/avr8 gcc/native/3.4.1061/avr8-gnu-toolchain/bin/../lib/gcc/avr/4.8.1/../../../../avr/lib/avrxmega7\libm.a(mulsf3x.o)
 .bss           0x00000000        0x0 c:/program files/atmel/atmel toolchain/avr8 gcc/native/3.4.1061/avr8-gnu-toolchain/bin/../lib/gcc/avr/4.8.1/../../../../avr/lib/avrxmega7\libm.a(mulsf3x.o)
 .text          0x00000000        0x0 c:/program files/atmel/atmel toolchain/avr8 gcc/native/3.4.1061/avr8-gnu-toolchain/bin/../lib/gcc/avr/4.8.1/../../../../avr/lib/avrxmega7\libm.a(fp_inf.o)
 .data          0x00000000        0x0 c:/program files/atmel/atmel toolchain/avr8 gcc/native/3.4.1061/avr8-gnu-toolchain/bin/../lib/gcc/avr/4.8.1/../../../../avr/lib/avrxmega7\libm.a(fp_inf.o)
 .bss           0x00000000        0x0 c:/program files/atmel/atmel toolchain/avr8 gcc/native/3.4.1061/avr8-gnu-toolchain/bin/../lib/gcc/avr/4.8.1/../../../../avr/lib/avrxmega7\libm.a(fp_inf.o)
 .text          0x00000000        0x0 c:/program files/atmel/atmel toolchain/avr8 gcc/native/3.4.1061/avr8-gnu-toolchain/bin/../lib/gcc/avr/4.8.1/../../../../avr/lib/avrxmega7\libm.a(fp_nan.o)
 .data          0x00000000        0x0 c:/program files/atmel/atmel toolchain/avr8 gcc/native/3.4.1061/avr8-gnu-toolchain/bin/../lib/gcc/avr/4.8.1/../../../../avr/lib/avrxmega7\libm.a(fp_nan.o)
 .bss           0x00000000        0x0 c:/program files/atmel/atmel toolchain/avr8 gcc/native/3.4.1061/avr8-gnu-toolchain/bin/../lib/gcc/avr/4.8.1/../../../../avr/lib/avrxmega7\libm.a(fp_nan.o)
 .text          0x00000000        0x0 c:/program files/atmel/atmel toolchain/avr8 gcc/native/3.4.1061/avr8-gnu-toolchain/bin/../lib/gcc/avr/4.8.1/../../../../avr/lib/avrxmega7\libm.a(fp_pscA.o)
 .data          0x00000000        0x0 c:/program files/atmel/atmel toolchain/avr8 gcc/native/3.4.1061/avr8-gnu-toolchain/bin/../lib/gcc/avr/4.8.1/../../../../avr/lib/avrxmega7\libm.a(fp_pscA.o)
 .bss           0x00000000        0x0 c:/program files/atmel/atmel toolchain/avr8 gcc/native/3.4.1061/avr8-gnu-toolchain/bin/../lib/gcc/avr/4.8.1/../../../../avr/lib/avrxmega7\libm.a(fp_pscA.o)
 .text          0x00000000        0x0 c:/program files/atmel/atmel toolchain/avr8 gcc/native/3.4.1061/avr8-gnu-toolchain/bin/../lib/gcc/avr/4.8.1/../../../../avr/lib/avrxmega7\libm.a(fp_pscB.o)
 .data          0x00000000        0x0 c:/program files/atmel/atmel toolchain/avr8 gcc/native/3.4.1061/avr8-gnu-toolchain/bin/../lib/gcc/avr/4.8.1/../../../../avr/lib/avrxmega7\libm.a(fp_pscB.o)
 .bss           0x00000000        0x0 c:/program files/atmel/atmel toolchain/avr8 gcc/native/3.4.1061/avr8-gnu-toolchain/bin/../lib/gcc/avr/4.8.1/../../../../avr/lib/avrxmega7\libm.a(fp_pscB.o)
 .text          0x00000000        0x0 c:/program files/atmel/atmel toolchain/avr8 gcc/native/3.4.1061/avr8-gnu-toolchain/bin/../lib/gcc/avr/4.8.1/../../../../avr/lib/avrxmega7\libm.a(fp_round.o)
 .data          0x00000000        0x0 c:/program files/atmel/atmel toolchain/avr8 gcc/native/3.4.1061/avr8-gnu-toolchain/bin/../lib/gcc/avr/4.8.1/../../../../avr/lib/avrxmega7\libm.a(fp_round.o)
 .bss           0x00000000        0x0 c:/program files/atmel/atmel toolchain/avr8 gcc/native/3.4.1061/avr8-gnu-toolchain/bin/../lib/gcc/avr/4.8.1/../../../../avr/lib/avrxmega7\libm.a(fp_round.o)
 .text          0x00000000        0x0 c:/program files/atmel/atmel toolchain/avr8 gcc/native/3.4.1061/avr8-gnu-toolchain/bin/../lib/gcc/avr/4.8.1/avrxmega7\libgcc.a(_exit.o)
 .data          0x00000000        0x0 c:/program files/atmel/atmel toolchain/avr8 gcc/native/3.4.1061/avr8-gnu-toolchain/bin/../lib/gcc/avr/4.8.1/avrxmega7\libgcc.a(_exit.o)
 .bss           0x00000000        0x0 c:/program files/atmel/atmel toolchain/avr8 gcc/native/3.4.1061/avr8-gnu-toolchain/bin/../lib/gcc/avr/4.8.1/avrxmega7\libgcc.a(_exit.o)
 .text.libgcc.mul
                0x00000000        0x0 c:/program files/atmel/atmel toolchain/avr8 gcc/native/3.4.1061/avr8-gnu-toolchain/bin/../lib/gcc/avr/4.8.1/avrxmega7\libgcc.a(_exit.o)
 .text.libgcc.div
                0x00000000        0x0 c:/program files/atmel/atmel toolchain/avr8 gcc/native/3.4.1061/avr8-gnu-toolchain/bin/../lib/gcc/avr/4.8.1/avrxmega7\libgcc.a(_exit.o)
 .text.libgcc   0x00000000        0x0 c:/program files/atmel/atmel toolchain/avr8 gcc/native/3.4.1061/avr8-gnu-toolchain/bin/../lib/gcc/avr/4.8.1/avrxmega7\libgcc.a(_exit.o)
 .text.libgcc.prologue
                0x00000000        0x0 c:/program files/atmel/atmel toolchain/avr8 gcc/native/3.4.1061/avr8-gnu-toolchain/bin/../lib/gcc/avr/4.8.1/avrxmega7\libgcc.a(_exit.o)
 .text.libgcc.builtins
                0x00000000        0x0 c:/program files/atmel/atmel toolchain/avr8 gcc/native/3.4.1061/avr8-gnu-toolchain/bin/../lib/gcc/avr/4.8.1/avrxmega7\libgcc.a(_exit.o)
 .text.libgcc.fmul
                0x00000000        0x0 c:/program files/atmel/atmel toolchain/avr8 gcc/native/3.4.1061/avr8-gnu-toolchain/bin/../lib/gcc/avr/4.8.1/avrxmega7\libgcc.a(_exit.o)
 .text.libgcc.fixed
                0x00000000        0x0 c:/program files/atmel/atmel toolchain/avr8 gcc/native/3.4.1061/avr8-gnu-toolchain/bin/../lib/gcc/avr/4.8.1/avrxmega7\libgcc.a(_exit.o)
 .text          0x00000000        0x0 c:/program files/atmel/atmel toolchain/avr8 gcc/native/3.4.1061/avr8-gnu-toolchain/bin/../lib/gcc/avr/4.8.1/avrxmega7\libgcc.a(_clear_bss.o)
 .data          0x00000000        0x0 c:/program files/atmel/atmel toolchain/avr8 gcc/native/3.4.1061/avr8-gnu-toolchain/bin/../lib/gcc/avr/4.8.1/avrxmega7\libgcc.a(_clear_bss.o)
 .bss           0x00000000        0x0 c:/program files/atmel/atmel toolchain/avr8 gcc/native/3.4.1061/avr8-gnu-toolchain/bin/../lib/gcc/avr/4.8.1/avrxmega7\libgcc.a(_clear_bss.o)
 .text.libgcc.mul
                0x00000000        0x0 c:/program files/atmel/atmel toolchain/avr8 gcc/native/3.4.1061/avr8-gnu-toolchain/bin/../lib/gcc/avr/4.8.1/avrxmega7\libgcc.a(_clear_bss.o)
 .text.libgcc.div
                0x00000000        0x0 c:/program files/atmel/atmel toolchain/avr8 gcc/native/3.4.1061/avr8-gnu-toolchain/bin/../lib/gcc/avr/4.8.1/avrxmega7\libgcc.a(_clear_bss.o)
 .text.libgcc   0x00000000        0x0 c:/program files/atmel/atmel toolchain/avr8 gcc/native/3.4.1061/avr8-gnu-toolchain/bin/../lib/gcc/avr/4.8.1/avrxmega7\libgcc.a(_clear_bss.o)
 .text.libgcc.prologue
                0x00000000        0x0 c:/program files/atmel/atmel toolchain/avr8 gcc/native/3.4.1061/avr8-gnu-toolchain/bin/../lib/gcc/avr/4.8.1/avrxmega7\libgcc.a(_clear_bss.o)
 .text.libgcc.builtins
                0x00000000        0x0 c:/program files/atmel/atmel toolchain/avr8 gcc/native/3.4.1061/avr8-gnu-toolchain/bin/../lib/gcc/avr/4.8.1/avrxmega7\libgcc.a(_clear_bss.o)
 .text.libgcc.fmul
                0x00000000        0x0 c:/program files/atmel/atmel toolchain/avr8 gcc/native/3.4.1061/avr8-gnu-toolchain/bin/../lib/gcc/avr/4.8.1/avrxmega7\libgcc.a(_clear_bss.o)
 .text.libgcc.fixed
                0x00000000        0x0 c:/program files/atmel/atmel toolchain/avr8 gcc/native/3.4.1061/avr8-gnu-toolchain/bin/../lib/gcc/avr/4.8.1/avrxmega7\libgcc.a(_clear_bss.o)
 .text          0x00000000        0x0 c:/program files/atmel/atmel toolchain/avr8 gcc/native/3.4.1061/avr8-gnu-toolchain/bin/../lib/gcc/avr/4.8.1/avrxmega7\libgcc.a(_ctors.o)
 .data          0x00000000        0x0 c:/program files/atmel/atmel toolchain/avr8 gcc/native/3.4.1061/avr8-gnu-toolchain/bin/../lib/gcc/avr/4.8.1/avrxmega7\libgcc.a(_ctors.o)
 .bss           0x00000000        0x0 c:/program files/atmel/atmel toolchain/avr8 gcc/native/3.4.1061/avr8-gnu-toolchain/bin/../lib/gcc/avr/4.8.1/avrxmega7\libgcc.a(_ctors.o)
 .text.libgcc.mul
                0x00000000        0x0 c:/program files/atmel/atmel toolchain/avr8 gcc/native/3.4.1061/avr8-gnu-toolchain/bin/../lib/gcc/avr/4.8.1/avrxmega7\libgcc.a(_ctors.o)
 .text.libgcc.div
                0x00000000        0x0 c:/program files/atmel/atmel toolchain/avr8 gcc/native/3.4.1061/avr8-gnu-toolchain/bin/../lib/gcc/avr/4.8.1/avrxmega7\libgcc.a(_ctors.o)
 .text.libgcc   0x00000000        0x0 c:/program files/atmel/atmel toolchain/avr8 gcc/native/3.4.1061/avr8-gnu-toolchain/bin/../lib/gcc/avr/4.8.1/avrxmega7\libgcc.a(_ctors.o)
 .text.libgcc.prologue
                0x00000000        0x0 c:/program files/atmel/atmel toolchain/avr8 gcc/native/3.4.1061/avr8-gnu-toolchain/bin/../lib/gcc/avr/4.8.1/avrxmega7\libgcc.a(_ctors.o)
 .text.libgcc.builtins
                0x00000000        0x0 c:/program files/atmel/atmel toolchain/avr8 gcc/native/3.4.1061/avr8-gnu-toolchain/bin/../lib/gcc/avr/4.8.1/avrxmega7\libgcc.a(_ctors.o)
 .text.libgcc.fmul
                0x00000000        0x0 c:/program files/atmel/atmel toolchain/avr8 gcc/native/3.4.1061/avr8-gnu-toolchain/bin/../lib/gcc/avr/4.8.1/avrxmega7\libgcc.a(_ctors.o)
 .text.libgcc.fixed
                0x00000000        0x0 c:/program files/atmel/atmel toolchain/avr8 gcc/native/3.4.1061/avr8-gnu-toolchain/bin/../lib/gcc/avr/4.8.1/avrxmega7\libgcc.a(_ctors.o)
 .text          0x00000000        0x0 c:/program files/atmel/atmel toolchain/avr8 gcc/native/3.4.1061/avr8-gnu-toolchain/bin/../lib/gcc/avr/4.8.1/avrxmega7\libgcc.a(_tablejump_elpm.o)
 .data          0x00000000        0x0 c:/program files/atmel/atmel toolchain/avr8 gcc/native/3.4.1061/avr8-gnu-toolchain/bin/../lib/gcc/avr/4.8.1/avrxmega7\libgcc.a(_tablejump_elpm.o)
 .bss           0x00000000        0x0 c:/program files/atmel/atmel toolchain/avr8 gcc/native/3.4.1061/avr8-gnu-toolchain/bin/../lib/gcc/avr/4.8.1/avrxmega7\libgcc.a(_tablejump_elpm.o)
 .text.libgcc.mul
                0x00000000        0x0 c:/program files/atmel/atmel toolchain/avr8 gcc/native/3.4.1061/avr8-gnu-toolchain/bin/../lib/gcc/avr/4.8.1/avrxmega7\libgcc.a(_tablejump_elpm.o)
 .text.libgcc.div
                0x00000000        0x0 c:/program files/atmel/atmel toolchain/avr8 gcc/native/3.4.1061/avr8-gnu-toolchain/bin/../lib/gcc/avr/4.8.1/avrxmega7\libgcc.a(_tablejump_elpm.o)
 .text.libgcc.prologue
                0x00000000        0x0 c:/program files/atmel/atmel toolchain/avr8 gcc/native/3.4.1061/avr8-gnu-toolchain/bin/../lib/gcc/avr/4.8.1/avrxmega7\libgcc.a(_tablejump_elpm.o)
 .text.libgcc.builtins
                0x00000000        0x0 c:/program files/atmel/atmel toolchain/avr8 gcc/native/3.4.1061/avr8-gnu-toolchain/bin/../lib/gcc/avr/4.8.1/avrxmega7\libgcc.a(_tablejump_elpm.o)
 .text.libgcc.fmul
                0x00000000        0x0 c:/program files/atmel/atmel toolchain/avr8 gcc/native/3.4.1061/avr8-gnu-toolchain/bin/../lib/gcc/avr/4.8.1/avrxmega7\libgcc.a(_tablejump_elpm.o)
 .text.libgcc.fixed
                0x00000000        0x0 c:/program files/atmel/atmel toolchain/avr8 gcc/native/3.4.1061/avr8-gnu-toolchain/bin/../lib/gcc/avr/4.8.1/avrxmega7\libgcc.a(_tablejump_elpm.o)

Memory Configuration

Name             Origin             Length             Attributes
text             0x00000000         0x00100000         xr
data             0x00802000         0x0000ffa0         rw !x
eeprom           0x00810000         0x00010000         rw !x
fuse             0x00820000         0x00000400         rw !x
lock             0x00830000         0x00000400         rw !x
signature        0x00840000         0x00000400         rw !x
user_signatures  0x00850000         0x00000400         rw !x
*default*        0x00000000         0xffffffff

Linker script and memory map

LOAD c:/program files/atmel/atmel toolchain/avr8 gcc/native/3.4.1061/avr8-gnu-toolchain/bin/../lib/gcc/avr/4.8.1/../../../../avr/lib/avrxmega7/crtx128a1u.o
LOAD DisplayTest.o
LOAD ST7735xmDriver.o
START GROUP
LOAD c:/program files/atmel/atmel toolchain/avr8 gcc/native/3.4.1061/avr8-gnu-toolchain/bin/../lib/gcc/avr/4.8.1/../../../../avr/lib/avrxmega7\libm.a
END GROUP
LOAD c:/program files/atmel/atmel toolchain/avr8 gcc/native/3.4.1061/avr8-gnu-toolchain/bin/../lib/gcc/avr/4.8.1/avrxmega7\libgcc.a
LOAD c:/program files/atmel/atmel toolchain/avr8 gcc/native/3.4.1061/avr8-gnu-toolchain/bin/../lib/gcc/avr/4.8.1/../../../../avr/lib/avrxmega7\libm.a
START GROUP
LOAD c:/program files/atmel/atmel toolchain/avr8 gcc/native/3.4.1061/avr8-gnu-toolchain/bin/../lib/gcc/avr/4.8.1/avrxmega7\libgcc.a
LOAD c:/program files/atmel/atmel toolchain/avr8 gcc/native/3.4.1061/avr8-gnu-toolchain/bin/../lib/gcc/avr/4.8.1/../../../../avr/lib/avrxmega7\libm.a
LOAD c:/program files/atmel/atmel toolchain/avr8 gcc/native/3.4.1061/avr8-gnu-toolchain/bin/../lib/gcc/avr/4.8.1/../../../../avr/lib/avrxmega7\libc.a
END GROUP

.hash
 *(.hash)

.dynsym
 *(.dynsym)

.dynstr
 *(.dynstr)

.gnu.version
 *(.gnu.version)

.gnu.version_d
 *(.gnu.version_d)

.gnu.version_r
 *(.gnu.version_r)

.rel.init
 *(.rel.init)

.rela.init
 *(.rela.init)

.rel.text
 *(.rel.text)
 *(.rel.text.*)
 *(.rel.gnu.linkonce.t*)

.rela.text
 *(.rela.text)
 *(.rela.text.*)
 *(.rela.gnu.linkonce.t*)

.rel.fini
 *(.rel.fini)

.rela.fini
 *(.rela.fini)

.rel.rodata
 *(.rel.rodata)
 *(.rel.rodata.*)
 *(.rel.gnu.linkonce.r*)

.rela.rodata
 *(.rela.rodata)
 *(.rela.rodata.*)
 *(.rela.gnu.linkonce.r*)

.rel.data
 *(.rel.data)
 *(.rel.data.*)
 *(.rel.gnu.linkonce.d*)

.rela.data
 *(.rela.data)
 *(.rela.data.*)
 *(.rela.gnu.linkonce.d*)

.rel.ctors
 *(.rel.ctors)

.rela.ctors
 *(.rela.ctors)

.rel.dtors
 *(.rel.dtors)

.rela.dtors
 *(.rela.dtors)

.rel.got
 *(.rel.got)

.rela.got
 *(.rela.got)

.rel.bss
 *(.rel.bss)

.rela.bss
 *(.rela.bss)

.rel.plt
 *(.rel.plt)

.rela.plt
 *(.rela.plt)

.text           0x00000000      0xb66
 *(.vectors)
 .vectors       0x00000000      0x1fc c:/program files/atmel/atmel toolchain/avr8 gcc/native/3.4.1061/avr8-gnu-toolchain/bin/../lib/gcc/avr/4.8.1/../../../../avr/lib/avrxmega7/crtx128a1u.o
                0x00000000                __vector_default
                0x00000000                __vectors
 *(.vectors)
 *(.progmem.gcc*)
                0x000001fc                . = ALIGN (0x2)
                0x000001fc                __trampolines_start = .
 *(.trampolines)
 .trampolines   0x000001fc        0x0 linker stubs
 *(.trampolines*)
                0x000001fc                __trampolines_end = .
 *(.progmem*)
 .progmem.data._ZL5Rcmd3
                0x000001fc       0x2b ST7735xmDriver.o
 .progmem.data._ZL13Rcmd2green144
                0x00000227        0xd ST7735xmDriver.o
 .progmem.data._ZL8Rcmd2red
                0x00000234        0xd ST7735xmDriver.o
 .progmem.data._ZL10Rcmd2green
                0x00000241        0xd ST7735xmDriver.o
 .progmem.data._ZL5Rcmd1
                0x0000024e       0x3b ST7735xmDriver.o
                0x0000028a                . = ALIGN (0x2)
 *fill*         0x00000289        0x1 
 *(.jumptables)
 *(.jumptables*)
 *(.lowtext)
 *(.lowtext*)
                0x0000028a                __ctors_start = .
 *(.ctors)
 .ctors         0x0000028a        0x2 DisplayTest.o
                0x0000028c                __ctors_end = .
                0x0000028c                __dtors_start = .
 *(.dtors)
                0x0000028c                __dtors_end = .
 SORT(*)(.ctors)
 SORT(*)(.dtors)
 *(.init0)
 .init0         0x0000028c        0x0 c:/program files/atmel/atmel toolchain/avr8 gcc/native/3.4.1061/avr8-gnu-toolchain/bin/../lib/gcc/avr/4.8.1/../../../../avr/lib/avrxmega7/crtx128a1u.o
                0x0000028c                __init
 *(.init0)
 *(.init1)
 *(.init1)
 *(.init2)
 .init2         0x0000028c       0x18 c:/program files/atmel/atmel toolchain/avr8 gcc/native/3.4.1061/avr8-gnu-toolchain/bin/../lib/gcc/avr/4.8.1/../../../../avr/lib/avrxmega7/crtx128a1u.o
 *(.init2)
 *(.init3)
 *(.init3)
 *(.init4)
 .init4         0x000002a4       0x10 c:/program files/atmel/atmel toolchain/avr8 gcc/native/3.4.1061/avr8-gnu-toolchain/bin/../lib/gcc/avr/4.8.1/avrxmega7\libgcc.a(_clear_bss.o)
                0x000002a4                __do_clear_bss
 *(.init4)
 *(.init5)
 *(.init5)
 *(.init6)
 .init6         0x000002b4       0x1e c:/program files/atmel/atmel toolchain/avr8 gcc/native/3.4.1061/avr8-gnu-toolchain/bin/../lib/gcc/avr/4.8.1/avrxmega7\libgcc.a(_ctors.o)
                0x000002b4                __do_global_ctors
 *(.init6)
 *(.init7)
 *(.init7)
 *(.init8)
 *(.init8)
 *(.init9)
 .init9         0x000002d2        0x4 c:/program files/atmel/atmel toolchain/avr8 gcc/native/3.4.1061/avr8-gnu-toolchain/bin/../lib/gcc/avr/4.8.1/../../../../avr/lib/avrxmega7/crtx128a1u.o
 *(.init9)
 *(.text)
 .text          0x000002d6        0x2 c:/program files/atmel/atmel toolchain/avr8 gcc/native/3.4.1061/avr8-gnu-toolchain/bin/../lib/gcc/avr/4.8.1/../../../../avr/lib/avrxmega7/crtx128a1u.o
                0x000002d6                __vector_38
                0x000002d6                __vector_104
                0x000002d6                __vector_22
                0x000002d6                __vector_63
                0x000002d6                __vector_28
                0x000002d6                __vector_67
                0x000002d6                __vector_1
                0x000002d6                __vector_119
                0x000002d6                __vector_32
                0x000002d6                __vector_75
                0x000002d6                __vector_71
                0x000002d6                __vector_91
                0x000002d6                __vector_34
                0x000002d6                __vector_62
                0x000002d6                __vector_77
                0x000002d6                __vector_102
                0x000002d6                __vector_24
                0x000002d6                __vector_12
                0x000002d6                __vector_55
                0x000002d6                __vector_69
                0x000002d6                __vector_81
                0x000002d6                __vector_90
                0x000002d6                __vector_46
                0x000002d6                __bad_interrupt
                0x000002d6                __vector_122
                0x000002d6                __vector_72
                0x000002d6                __vector_114
                0x000002d6                __vector_6
                0x000002d6                __vector_110
                0x000002d6                __vector_31
                0x000002d6                __vector_92
                0x000002d6                __vector_35
                0x000002d6                __vector_78
                0x000002d6                __vector_74
                0x000002d6                __vector_117
                0x000002d6                __vector_39
                0x000002d6                __vector_107
                0x000002d6                __vector_3
                0x000002d6                __vector_105
                0x000002d6                __vector_98
                0x000002d6                __vector_23
                0x000002d6                __vector_68
                0x000002d6                __vector_30
                0x000002d6                __vector_73
                0x000002d6                __vector_45
                0x000002d6                __vector_25
                0x000002d6                __vector_93
                0x000002d6                __vector_61
                0x000002d6                __vector_11
                0x000002d6                __vector_54
                0x000002d6                __vector_99
                0x000002d6                __vector_13
                0x000002d6                __vector_17
                0x000002d6                __vector_19
                0x000002d6                __vector_56
                0x000002d6                __vector_7
                0x000002d6                __vector_125
                0x000002d6                __vector_49
                0x000002d6                __vector_123
                0x000002d6                __vector_41
                0x000002d6                __vector_86
                0x000002d6                __vector_100
                0x000002d6                __vector_101
                0x000002d6                __vector_64
                0x000002d6                __vector_88
                0x000002d6                __vector_109
                0x000002d6                __vector_43
                0x000002d6                __vector_27
                0x000002d6                __vector_5
                0x000002d6                __vector_113
                0x000002d6                __vector_33
                0x000002d6                __vector_76
                0x000002d6                __vector_115
                0x000002d6                __vector_47
                0x000002d6                __vector_52
                0x000002d6                __vector_37
                0x000002d6                __vector_95
                0x000002d6                __vector_103
                0x000002d6                __vector_96
                0x000002d6                __vector_89
                0x000002d6                __vector_108
                0x000002d6                __vector_4
                0x000002d6                __vector_44
                0x000002d6                __vector_82
                0x000002d6                __vector_106
                0x000002d6                __vector_118
                0x000002d6                __vector_51
                0x000002d6                __vector_9
                0x000002d6                __vector_2
                0x000002d6                __vector_21
                0x000002d6                __vector_15
                0x000002d6                __vector_66
                0x000002d6                __vector_36
                0x000002d6                __vector_79
                0x000002d6                __vector_58
                0x000002d6                __vector_70
                0x000002d6                __vector_83
                0x000002d6                __vector_29
                0x000002d6                __vector_60
                0x000002d6                __vector_121
                0x000002d6                __vector_40
                0x000002d6                __vector_85
                0x000002d6                __vector_94
                0x000002d6                __vector_126
                0x000002d6                __vector_8
                0x000002d6                __vector_26
                0x000002d6                __vector_48
                0x000002d6                __vector_124
                0x000002d6                __vector_116
                0x000002d6                __vector_112
                0x000002d6                __vector_111
                0x000002d6                __vector_80
                0x000002d6                __vector_14
                0x000002d6                __vector_84
                0x000002d6                __vector_57
                0x000002d6                __vector_53
                0x000002d6                __vector_10
                0x000002d6                __vector_50
                0x000002d6                __vector_16
                0x000002d6                __vector_59
                0x000002d6                __vector_18
                0x000002d6                __vector_97
                0x000002d6                __vector_20
                0x000002d6                __vector_42
                0x000002d6                __vector_87
                0x000002d6                __vector_65
                0x000002d6                __vector_120
                0x000002d8                . = ALIGN (0x2)
 *(.text.*)
 .text.main     0x000002d8      0x10a DisplayTest.o
                0x000002d8                main
 .text._GLOBAL__sub_I_tft
                0x000003e2       0x70 DisplayTest.o
 .text._ZN14ST7735xmDriverC2EP10SPI_structP11PORT_structhS3_hS3_hS3_hhhh
                0x00000452       0x62 ST7735xmDriver.o
                0x00000452                _ZN14ST7735xmDriverC1EP10SPI_structP11PORT_structhS3_hS3_hS3_hhhh
                0x00000452                _ZN14ST7735xmDriverC2EP10SPI_structP11PORT_structhS3_hS3_hS3_hhhh
 .text._ZN14ST7735xmDriver12writecommandEh
                0x000004b4       0x34 ST7735xmDriver.o
                0x000004b4                _ZN14ST7735xmDriver12writecommandEh
 .text._ZN14ST7735xmDriver9writedataEh
                0x000004e8       0x34 ST7735xmDriver.o
                0x000004e8                _ZN14ST7735xmDriver9writedataEh
 .text._ZN14ST7735xmDriver11commandListEPKh
                0x0000051c      0x150 ST7735xmDriver.o
                0x0000051c                _ZN14ST7735xmDriver11commandListEPKh
 .text._ZN14ST7735xmDriver10commonInitEPKh
                0x0000066c      0x112 ST7735xmDriver.o
                0x0000066c                _ZN14ST7735xmDriver10commonInitEPKh
 .text._ZN14ST7735xmDriver5initREh
                0x0000077e       0x8a ST7735xmDriver.o
                0x0000077e                _ZN14ST7735xmDriver5initREh
 .text._ZN14ST7735xmDriver13setAddrWindowEhhhh
                0x00000808       0x6a ST7735xmDriver.o
                0x00000808                _ZN14ST7735xmDriver13setAddrWindowEhhhh
 .text._ZN14ST7735xmDriver9pushColorEj
                0x00000872       0x46 ST7735xmDriver.o
                0x00000872                _ZN14ST7735xmDriver9pushColorEj
 .text._ZN14ST7735xmDriver13invertDisplayEh
                0x000008b8        0xe ST7735xmDriver.o
                0x000008b8                _ZN14ST7735xmDriver13invertDisplayEh
 .text.avr-libc.fplib
                0x000008c6        0x8 c:/program files/atmel/atmel toolchain/avr8 gcc/native/3.4.1061/avr8-gnu-toolchain/bin/../lib/gcc/avr/4.8.1/../../../../avr/lib/avrxmega7\libm.a(cmpsf2.o)
                0x000008c6                __nesf2
                0x000008c6                __eqsf2
                0x000008c6                __cmpsf2
                0x000008c6                __ltsf2
                0x000008c6                __lesf2
 .text.avr-libc.fplib
                0x000008ce       0x58 c:/program files/atmel/atmel toolchain/avr8 gcc/native/3.4.1061/avr8-gnu-toolchain/bin/../lib/gcc/avr/4.8.1/../../../../avr/lib/avrxmega7\libm.a(fixunssfsi.o)
                0x000008ce                __fixunssfsi
 .text.avr-libc.fplib
                0x00000926       0x7a c:/program files/atmel/atmel toolchain/avr8 gcc/native/3.4.1061/avr8-gnu-toolchain/bin/../lib/gcc/avr/4.8.1/../../../../avr/lib/avrxmega7\libm.a(floatsisf.o)
                0x00000926                __floatunsisf
                0x0000092a                __floatsisf
 .text.avr-libc.fplib
                0x000009a0       0x48 c:/program files/atmel/atmel toolchain/avr8 gcc/native/3.4.1061/avr8-gnu-toolchain/bin/../lib/gcc/avr/4.8.1/../../../../avr/lib/avrxmega7\libm.a(fp_cmp.o)
                0x000009a0                __fp_cmp
 .text.avr-libc.fplib
                0x000009e8       0x44 c:/program files/atmel/atmel toolchain/avr8 gcc/native/3.4.1061/avr8-gnu-toolchain/bin/../lib/gcc/avr/4.8.1/../../../../avr/lib/avrxmega7\libm.a(fp_split3.o)
                0x000009e8                __fp_split3
                0x000009f8                __fp_splitA
 .text.avr-libc.fplib
                0x00000a2c        0xe c:/program files/atmel/atmel toolchain/avr8 gcc/native/3.4.1061/avr8-gnu-toolchain/bin/../lib/gcc/avr/4.8.1/../../../../avr/lib/avrxmega7\libm.a(fp_zero.o)
                0x00000a2c                __fp_zero
                0x00000a2e                __fp_szero
 .text.avr-libc.fplib
                0x00000a3a        0x8 c:/program files/atmel/atmel toolchain/avr8 gcc/native/3.4.1061/avr8-gnu-toolchain/bin/../lib/gcc/avr/4.8.1/../../../../avr/lib/avrxmega7\libm.a(gesf2.o)
                0x00000a3a                __gesf2
                0x00000a3a                __gtsf2
 .text.avr-libc.fplib
                0x00000a42        0x4 c:/program files/atmel/atmel toolchain/avr8 gcc/native/3.4.1061/avr8-gnu-toolchain/bin/../lib/gcc/avr/4.8.1/../../../../avr/lib/avrxmega7\libm.a(mulsf3.o)
                0x00000a42                __mulsf3
 .text.avr-libc.fplib
                0x00000a46       0xc2 c:/program files/atmel/atmel toolchain/avr8 gcc/native/3.4.1061/avr8-gnu-toolchain/bin/../lib/gcc/avr/4.8.1/../../../../avr/lib/avrxmega7\libm.a(mulsf3x.o)
                0x00000a5a                __mulsf3x
                0x00000a5e                __mulsf3_pse
 .text.avr-libc.fplib
                0x00000b08        0xc c:/program files/atmel/atmel toolchain/avr8 gcc/native/3.4.1061/avr8-gnu-toolchain/bin/../lib/gcc/avr/4.8.1/../../../../avr/lib/avrxmega7\libm.a(fp_inf.o)
                0x00000b08                __fp_inf
 .text.avr-libc.fplib
                0x00000b14        0x6 c:/program files/atmel/atmel toolchain/avr8 gcc/native/3.4.1061/avr8-gnu-toolchain/bin/../lib/gcc/avr/4.8.1/../../../../avr/lib/avrxmega7\libm.a(fp_nan.o)
                0x00000b14                __fp_nan
 .text.avr-libc.fplib
                0x00000b1a        0xe c:/program files/atmel/atmel toolchain/avr8 gcc/native/3.4.1061/avr8-gnu-toolchain/bin/../lib/gcc/avr/4.8.1/../../../../avr/lib/avrxmega7\libm.a(fp_pscA.o)
                0x00000b1a                __fp_pscA
 .text.avr-libc.fplib
                0x00000b28        0xe c:/program files/atmel/atmel toolchain/avr8 gcc/native/3.4.1061/avr8-gnu-toolchain/bin/../lib/gcc/avr/4.8.1/../../../../avr/lib/avrxmega7\libm.a(fp_pscB.o)
                0x00000b28                __fp_pscB
 .text.avr-libc.fplib
                0x00000b36       0x22 c:/program files/atmel/atmel toolchain/avr8 gcc/native/3.4.1061/avr8-gnu-toolchain/bin/../lib/gcc/avr/4.8.1/../../../../avr/lib/avrxmega7\libm.a(fp_round.o)
                0x00000b36                __fp_round
 .text.libgcc   0x00000b58        0xa c:/program files/atmel/atmel toolchain/avr8 gcc/native/3.4.1061/avr8-gnu-toolchain/bin/../lib/gcc/avr/4.8.1/avrxmega7\libgcc.a(_tablejump_elpm.o)
                0x00000b58                __tablejump_elpm__
                0x00000b62                . = ALIGN (0x2)
 *(.fini9)
 .fini9         0x00000b62        0x0 c:/program files/atmel/atmel toolchain/avr8 gcc/native/3.4.1061/avr8-gnu-toolchain/bin/../lib/gcc/avr/4.8.1/avrxmega7\libgcc.a(_exit.o)
                0x00000b62                _exit
                0x00000b62                exit
 *(.fini9)
 *(.fini8)
 *(.fini8)
 *(.fini7)
 *(.fini7)
 *(.fini6)
 *(.fini6)
 *(.fini5)
 *(.fini5)
 *(.fini4)
 *(.fini4)
 *(.fini3)
 *(.fini3)
 *(.fini2)
 *(.fini2)
 *(.fini1)
 *(.fini1)
 *(.fini0)
 .fini0         0x00000b62        0x4 c:/program files/atmel/atmel toolchain/avr8 gcc/native/3.4.1061/avr8-gnu-toolchain/bin/../lib/gcc/avr/4.8.1/avrxmega7\libgcc.a(_exit.o)
 *(.fini0)
                0x00000b66                _etext = .

.data           0x00802000        0x0 load address 0x00000b66
                0x00802000                PROVIDE (__data_start, .)
 *(.data)
 *(.data*)
 *(.rodata)
 *(.rodata*)
 *(.gnu.linkonce.d*)
                0x00802000                . = ALIGN (0x2)
                0x00802000                _edata = .
                0x00802000                PROVIDE (__data_end, .)

.bss            0x00802000       0x19
                0x00802000                PROVIDE (__bss_start, .)
 *(.bss)
 *(.bss*)
 .bss.tft       0x00802000       0x19 DisplayTest.o
                0x00802000                tft
 *(COMMON)
                0x00802019                PROVIDE (__bss_end, .)
                0x00000b66                __data_load_start = LOADADDR (.data)
                0x00000b66                __data_load_end = (__data_load_start + SIZEOF (.data))

.noinit         0x00802019        0x0
                0x00802019                PROVIDE (__noinit_start, .)
 *(.noinit*)
                0x00802019                PROVIDE (__noinit_end, .)
                0x00802019                _end = .
                0x00802019                PROVIDE (__heap_start, .)

.eeprom         0x00810000        0x0
 *(.eeprom*)
                0x00810000                __eeprom_end = .

.fuse
 *(.fuse)
 *(.lfuse)
 *(.hfuse)
 *(.efuse)

.lock
 *(.lock*)

.signature
 *(.signature*)

.user_signatures
 *(.user_signatures*)

.stab
 *(.stab)

.stabstr
 *(.stabstr)

.stab.excl
 *(.stab.excl)

.stab.exclstr
 *(.stab.exclstr)

.stab.index
 *(.stab.index)

.stab.indexstr
 *(.stab.indexstr)

.comment        0x00000000       0x30
 *(.comment)
 .comment       0x00000000       0x30 DisplayTest.o
                                 0x31 (size before relaxing)
 .comment       0x00000000       0x31 ST7735xmDriver.o

.note.gnu.build-id
 *(.note.gnu.build-id)

.debug
 *(.debug)

.line
 *(.line)

.debug_srcinfo
 *(.debug_srcinfo)

.debug_sfnames
 *(.debug_sfnames)

.debug_aranges  0x00000000       0xc8
 *(.debug_aranges)
 .debug_aranges
                0x00000000       0x28 DisplayTest.o
 .debug_aranges
                0x00000028       0xa0 ST7735xmDriver.o

.debug_pubnames
 *(.debug_pubnames)

.debug_info     0x00000000     0x233d
 *(.debug_info .gnu.linkonce.wi.*)
 .debug_info    0x00000000      0xc57 DisplayTest.o
 .debug_info    0x00000c57     0x16e6 ST7735xmDriver.o

.debug_abbrev   0x00000000      0x659
 *(.debug_abbrev)
 .debug_abbrev  0x00000000      0x2cf DisplayTest.o
 .debug_abbrev  0x000002cf      0x38a ST7735xmDriver.o

.debug_line     0x00000000      0xa8a
 *(.debug_line .debug_line.* .debug_line_end)
 .debug_line    0x00000000      0x2b8 DisplayTest.o
 .debug_line    0x000002b8      0x7d2 ST7735xmDriver.o

.debug_frame    0x00000000      0x30c
 *(.debug_frame)
 .debug_frame   0x00000000       0x6c DisplayTest.o
 .debug_frame   0x0000006c      0x2a0 ST7735xmDriver.o

.debug_str      0x00000000      0xc40
 *(.debug_str)
 .debug_str     0x00000000      0xb04 DisplayTest.o
                                0xb49 (size before relaxing)
 .debug_str     0x00000b04      0x13c ST7735xmDriver.o
                                0x7c0 (size before relaxing)

.debug_loc      0x00000000     0x1526
 *(.debug_loc)
 .debug_loc     0x00000000      0x153 DisplayTest.o
 .debug_loc     0x00000153     0x13d3 ST7735xmDriver.o

.debug_macinfo
 *(.debug_macinfo)

.debug_weaknames
 *(.debug_weaknames)

.debug_funcnames
 *(.debug_funcnames)

.debug_typenames
 *(.debug_typenames)

.debug_varnames
 *(.debug_varnames)

.debug_pubtypes
 *(.debug_pubtypes)

.debug_ranges   0x00000000      0x120
 *(.debug_ranges)
 .debug_ranges  0x00000000       0x48 DisplayTest.o
 .debug_ranges  0x00000048       0xd8 ST7735xmDriver.o

.debug_macro
 *(.debug_macro)
OUTPUT(DisplayTest.elf elf32-avr)
LOAD linker stubs
